<!DOCTYPE html>

<html>
<head>
  <meta charset="utf-8" />
</head>

<body>

  <h1>Hello, world!</h1>

  The value of &pi; is 3.141592653589793

</body>
</html>
