{
    "core": {
        "author": "CGI Author",
        "document_config": "document_config.json",
        "report_id": "placeholder",
        "core_version": "placeholder",
        "extract_time": "2024-01-01_12:00:00 -0500"
    },
    "plugins": {
        "demo1": {
            "plugin_name": "demo1 plugin",
            "version": "1.0.0",
            "priorities": {
                "configure": 200,
                "extract": 200,
                "render": 200
            },
            "attributes": [
                "clinical"
            ],
            "merge_inputs": {
                "gene_information_merger": [
                    {
                        "Gene": "KRAS",
                        "Gene_URL": "https://www.oncokb.org/gene/KRAS",
                        "Chromosome": "12p12.1",
                        "Summary": "KRAS, a GTPase which functions as an upstream regulator of the MAPK and PI3K pathways, is frequently mutated in various cancer types including pancreatic, colorectal and lung cancers."
                    },
                    {
                        "Gene": "PIK3CA",
                        "Gene_URL": "https://www.oncokb.org/gene/PIK3CA",
                        "Chromosome": "3q26.32",
                        "Summary": "PIK3CA, the catalytic subunit of PI3-kinase, is frequently mutated in a diverse range of cancers including breast, endometrial and cervical cancers."
                    }
                ]
            },
            "results": {
                "integer": 5
            }
        },
        "demo2": {
            "plugin_name": "demo2 plugin",
            "version": "1.0.0",
            "priorities": {
                "configure": 300,
                "extract": 300,
                "render": 300
            },
            "attributes": [
                "clinical"
            ],
            "merge_inputs": {
                "gene_information_merger": [
                    {
                        "Gene": "PIK3CA",
                        "Gene_URL": "https://www.oncokb.org/gene/PIK3CA",
                        "Chromosome": "3q26.32",
                        "Summary": "PIK3CA, the catalytic subunit of PI3-kinase, is frequently mutated in a diverse range of cancers including breast, endometrial and cervical cancers."
                    },
                    {
                        "Gene": "PIK3CB",
                        "Gene_URL": "https://www.oncokb.org/gene/PIK3CB",
                        "Chromosome": "3q22.3",
                        "Summary": "PIK3CB, a catalytic subunit of PI3-kinase, is altered by amplification or mutation in various cancer types."
                    }
                ]
            },
            "results": {
                "integer_1": 5,
                "integer_2": 23,
                "sum": 28,
                "diff": -18,
                "author": "CGI Author"
            }
        }
    },
    "mergers": {
        "gene_information_merger": {
            "render_priority": 2000,
            "attributes": [
                "clinical",
                "supplementary"
            ]
        }
    },
    "config": {
        "core": {
            "attributes": "",
            "depends_configure": "",
            "depends_extract": "",
            "configure_priority": "100",
            "extract_priority": "100",
            "render_priority": "100",
            "report_id": "placeholder",
            "report_version": "1",
            "archive_name": "djerba",
            "archive_url": "http://${username}:${password}@${address}:${port}",
            "author": "CGI Author",
            "sample_info": "sample_info.json",
            "document_config": "document_config.json"
        },
        "demo1": {
            "integer": "5",
            "attributes": "clinical",
            "depends_configure": "",
            "depends_extract": "",
            "configure_priority": "200",
            "extract_priority": "200",
            "render_priority": "200"
        },
        "demo2": {
            "integer_2": "23",
            "attributes": "clinical",
            "depends_configure": "",
            "depends_extract": "",
            "configure_priority": "300",
            "extract_priority": "300",
            "render_priority": "300",
            "integer_file": "integer.txt"
        },
        "gene_information_merger": {
            "attributes": "clinical,supplementary",
            "depends_configure": "",
            "configure_priority": "2000",
            "render_priority": "2000"
        }
    }
}
